// Jest Snapshot v1, https://goo.gl/fbAQLP

exports[`should render LoginPage correctly 1`] = `
<div>
  <form>
    <input
      placeholder="username"
      type="text"
    />
    <input
      placeholder="password"
      type="password"
    />
    <button>
      Login
    </button>
  </form>
</div>
`;
